PI_FAST_FLASH_BOOT)
configsip: 0, SPIWP:0xee
clk_drv:0x00,q_drv:0x00,d_drv:0x00,cs0_drv:0x00,hd_drv:0x00,wp_drv:0x00
mode:DIO, clock div:2
load:0x3fff0030,len:7176
load:0x40078000,len:15564
ho ï¿½ets Jul 29 2019 12:21:46

rst:0x1 (POWERON_RESET),boot:0x13 (SPI_FAST_FLASH_BOOT)
configsip: 0, SPIWP:0xee
clk_drv:0x00,q_drv:0x00,d_drv:0x00,cs0_drv:0x00,hd_drv:0x00,wp_drv:0x00
mode:DIO, clock div:2
load:0x3fff0030,len:7176
load:0x40078000,len:15564
ho 0 tail 12 room 4
load:0x40080400,len:4
load:0x40080404,len:3904
entry 0x40080640
[0;32mI (31) boot: ESP-IDF v5.3.2 2nd stage bootloader[0m
[0;32mI (31) boot: compile time Dec 30 2024 13:12:07[0m
[0;32mI (31) boot: Multicore bootloader[0m
[0;32mI (35) boot: chip revision: v3.1[0m
[0;32mI (39) boot.esp32: SPI Speed      : 40MHz[0m
[0;32mI (44) boot.esp32: SPI Mode       : DIO[0m
[0;32mI (48) boot.esp32: SPI Flash Size : 4MB[0m
[0;32mI (53) boot: Enabling RNG early entropy source...[0m
[0;32mI (58) boot: Partition Table:[0m
[0;32mI (62) boot: ## Label            Usage          Type ST Offset   Length[0m
[0;32mI (69) boot:  0 nvs              WiFi data        01 02 00009000 00006000[0m
[0;32mI (77) boot:  1 phy_init         RF data          01 01 0000f000 00001000[0m
[0;32mI (84) boot:  2 factory          factory app      00 00 00010000 00100000[0m
[0;32mI (92) boot: End of partition table[0m
[0;32mI (96) esp_image: segment 0: paddr=00010020 vaddr=3f400020 size=095e4h ( 38372) map[0m
[0;32mI (117) esp_image: segment 1: paddr=0001960c vaddr=3ffb0000 size=02364h (  9060) load[0m
[0;32mI (121) esp_image: segment 2: paddr=0001b978 vaddr=40080000 size=046a0h ( 18080) load[0m
[0;32mI (130) esp_image: segment 3: paddr=00020020 vaddr=400d0020 size=13c14h ( 80916) map[0m
[0;32mI (160) esp_image: segment 4: paddr=00033c3c vaddr=400846a0 size=08418h ( 33816) load[0m
[0;32mI (179) boot: Loaded app from partition at offset 0x10000[0m
[0;32mI (180) boot: Disabling RNG early entropy source...[0m
[0;32mI (192) cpu_start: Multicore app[0m
[0;32mI (200) cpu_start: Pro cpu start user code[0m
[0;32mI (200) cpu_start: cpu freq: 240000000 Hz[0m
[0;32mI (200) app_init: Application information:[0m
[0;32mI (203) app_init: Project name:     clean_my_air_esp32[0m
[0;32mI (209) app_init: App version:      1.0.0[0m
[0;32mI (214) app_init: Compile time:     Dec 30 2024 13:11:57[0m
[0;32mI (220) app_init: ELF file SHA256:  6d6d6db61...[0m
[0;32mI (225) app_init: ESP-IDF:          v5.3.2[0m
[0;32mI (230) efuse_init: Min chip rev:     v0.0[0m
[0;32mI (235) efuse_init: Max chip rev:     v3.99 [0m
[0;32mI (239) efuse_init: Chip rev:         v3.1[0m
[0;32mI (245) heap_init: Initializing. RAM available for dynamic allocation:[0m
[0;32mI (252) heap_init: At 3FFAE6E0 len 00001920 (6 KiB): DRAM[0m
[0;32mI (258) heap_init: At 3FFB2C30 len 0002D3D0 (180 KiB): DRAM[0m
[0;32mI (264) heap_init: At 3FFE0440 len 00003AE0 (14 KiB): D/IRAM[0m
[0;32mI (270) heap_init: At 3FFE4350 len 0001BCB0 (111 KiB): D/IRAM[0m
[0;32mI (277) heap_init: At 4008CAB8 len 00013548 (77 KiB): IRAM[0m
[0;32mI (284) spi_flash: detected chip: generic[0m
[0;32mI (287) spi_flash: flash io: dio[0m
[0;32mI (292) main_task: Started on CPU0[0m
[0;32mI (302) main_task: Calling app_main()[0m
